[2025-10-02 17:37:56] This is codeql database create codeql-db --language=python --source-root=.
[2025-10-02 17:37:56] Log file was started late.
[2025-10-02 17:37:56] [PROGRESS] database create> Initializing database at /home/neurosx/DEVSPACE/fennel-deploy/fennel-service-api/codeql-db.
[2025-10-02 17:37:56] Running plumbing command: codeql database init --language=python --extractor-options-verbosity=1 --qlconfig-file=/home/neurosx/DEVSPACE/fennel-deploy/fennel-service-api/qlconfig.yml --source-root=/home/neurosx/DEVSPACE/fennel-deploy/fennel-service-api --allow-missing-source-root=false --allow-already-existing -- /home/neurosx/DEVSPACE/fennel-deploy/fennel-service-api/codeql-db
[2025-10-02 17:37:56] Calling plumbing command: codeql resolve languages --extractor-options-verbosity=1 --format=betterjson
[2025-10-02 17:37:56] [DETAILS] resolve languages> Scanning for [codeql-extractor.yml] from /home/neurosx/DEVSPACE/codeql/.codeqlmanifest.json
[2025-10-02 17:37:56] [DETAILS] resolve languages> Parsing /home/neurosx/DEVSPACE/codeql/rust/codeql-extractor.yml.
[2025-10-02 17:37:57] [DETAILS] resolve languages> Parsing /home/neurosx/DEVSPACE/codeql/csharp/codeql-extractor.yml.
[2025-10-02 17:37:57] [DETAILS] resolve languages> Parsing /home/neurosx/DEVSPACE/codeql/html/codeql-extractor.yml.
[2025-10-02 17:37:57] [DETAILS] resolve languages> Parsing /home/neurosx/DEVSPACE/codeql/swift/codeql-extractor.yml.
[2025-10-02 17:37:57] [DETAILS] resolve languages> Parsing /home/neurosx/DEVSPACE/codeql/ruby/codeql-extractor.yml.
[2025-10-02 17:37:57] [DETAILS] resolve languages> Parsing /home/neurosx/DEVSPACE/codeql/yaml/codeql-extractor.yml.
[2025-10-02 17:37:57] [DETAILS] resolve languages> Parsing /home/neurosx/DEVSPACE/codeql/java/codeql-extractor.yml.
[2025-10-02 17:37:57] [DETAILS] resolve languages> Parsing /home/neurosx/DEVSPACE/codeql/csv/codeql-extractor.yml.
[2025-10-02 17:37:57] [DETAILS] resolve languages> Parsing /home/neurosx/DEVSPACE/codeql/cpp/codeql-extractor.yml.
[2025-10-02 17:37:57] [DETAILS] resolve languages> Parsing /home/neurosx/DEVSPACE/codeql/python/codeql-extractor.yml.
[2025-10-02 17:37:57] [DETAILS] resolve languages> Parsing /home/neurosx/DEVSPACE/codeql/properties/codeql-extractor.yml.
[2025-10-02 17:37:57] [DETAILS] resolve languages> Parsing /home/neurosx/DEVSPACE/codeql/actions/codeql-extractor.yml.
[2025-10-02 17:37:57] [DETAILS] resolve languages> Parsing /home/neurosx/DEVSPACE/codeql/go/codeql-extractor.yml.
[2025-10-02 17:37:57] [DETAILS] resolve languages> Parsing /home/neurosx/DEVSPACE/codeql/javascript/codeql-extractor.yml.
[2025-10-02 17:37:57] [DETAILS] resolve languages> Parsing /home/neurosx/DEVSPACE/codeql/xml/codeql-extractor.yml.
[2025-10-02 17:37:57] Plumbing command codeql resolve languages completed:
                      {
                        "aliases" : {
                          "c" : "cpp",
                          "c++" : "cpp",
                          "c-c++" : "cpp",
                          "c-cpp" : "cpp",
                          "c#" : "csharp",
                          "java-kotlin" : "java",
                          "kotlin" : "java",
                          "javascript-typescript" : "javascript",
                          "typescript" : "javascript"
                        },
                        "extractors" : {
                          "rust" : [
                            {
                              "extractor_root" : "/home/neurosx/DEVSPACE/codeql/rust",
                              "extractor_options" : {
                                "trap" : {
                                  "title" : "Options pertaining to TRAP.",
                                  "description" : "Options pertaining to TRAP.",
                                  "type" : "object",
                                  "properties" : {
                                    "compression" : {
                                      "title" : "Controls compression for the TRAP files written by the extractor.",
                                      "description" : "This option is only intended for use in debugging the extractor. Accepted values are 'gzip' (to write gzip-compressed TRAP) 'zstd' (to write Zstandard-compressed TRAP) and 'none' (the default, to write uncompressed TRAP).\n",
                                      "type" : "string",
                                      "pattern" : "^(none|gzip|zstd)$"
                                    }
                                  }
                                },
                                "cargo_target_dir" : {
                                  "title" : "Directory to use for cargo output files.",
                                  "description" : "This value is an optional path to use as `CARGO_TARGET_DIR` for the internal cargo commands the extractor uses. Pointing it to a persistent directory may reduce execution time of consecutive extractor runs. By default, a new scratch directory is used for each run.\n",
                                  "type" : "string"
                                },
                                "cargo_target" : {
                                  "title" : "Target architecture",
                                  "description" : "Target architecture to use for analysis, analogous to `cargo --target`. By default the host architecture is used.\n",
                                  "type" : "string"
                                },
                                "cargo_features" : {
                                  "title" : "Cargo features to turn on",
                                  "description" : "Comma-separated list of features to turn on. By default all features are enabled. If any features are specified, then only those features are enabled. The `default` feature must be explicitly specified if only default features are desired. Can be repeated.\n",
                                  "type" : "array"
                                },
                                "cargo_cfg_overrides" : {
                                  "title" : "Cargo cfg overrides",
                                  "description" : "Comma-separated list of cfg settings to enable, or disable if prefixed with `-`. Can be repeated.\n",
                                  "type" : "array"
                                },
                                "logging" : {
                                  "title" : "Options pertaining to logging.",
                                  "description" : "Options pertaining to logging.",
                                  "type" : "object",
                                  "properties" : {
                                    "verbosity" : {
                                      "title" : "Extractor logging verbosity level.",
                                      "description" : "Controls the level of verbosity of the extractor. The supported levels are (in order of increasing verbosity):\n  - off\n  - errors\n  - warnings\n  - info or progress\n  - debug or progress+\n  - trace or progress++\n  - progress+++\n",
                                      "type" : "string",
                                      "pattern" : "^(off|errors|warnings|(info|progress)|(debug|progress\\+)|(trace|progress\\+\\+)|progress\\+\\+\\+)$"
                                    },
                                    "flamegraph" : {
                                      "title" : "[Experimental] File path for write flame graph log",
                                      "description" : "Collect flame graph data using the `tracing-flame` crate. To render a flame graph or chart, run the `inferno-flamegraph` command. See also: https://crates.io/crates/tracing-flame\n",
                                      "type" : "string"
                                    }
                                  }
                                },
                                "extract_dependencies_as_source" : {
                                  "title" : "Extract dependencies as source code",
                                  "description" : "Extract the full source code of dependencies instead of only extracting signatures.\n",
                                  "type" : "string",
                                  "pattern" : "^(false|true)$"
                                }
                              }
                            }
                          ],
                          "csharp" : [
                            {
                              "extractor_root" : "/home/neurosx/DEVSPACE/codeql/csharp",
                              "extractor_options" : {
                                "trap" : {
                                  "title" : "Options pertaining to TRAP.",
                                  "description" : "Options pertaining to TRAP.",
                                  "type" : "object",
                                  "properties" : {
                                    "compression" : {
                                      "title" : "Controls compression for the TRAP files written by the extractor.",
                                      "description" : "This option is only intended for use in debugging the extractor. Accepted values are 'brotli' (the default, to write brotli-compressed TRAP), 'gzip', and 'none' (to write uncompressed TRAP).\n",
                                      "type" : "string",
                                      "pattern" : "^(none|gzip|brotli)$"
                                    }
                                  }
                                },
                                "buildless" : {
                                  "title" : "DEPRECATED - Whether to use buildless (standalone) extraction.",
                                  "description" : "DEPRECATED: Use `--build-mode none` instead.\nA value indicating, which type of extraction the autobuilder should perform. If 'true', then the standalone extractor will be used, otherwise tracing extraction will be performed. The default is 'false'. Note that buildless extraction will generally yield less accurate analysis results, and should only be used in cases where it is not possible to build the code (for example if it uses inaccessible dependencies).\n",
                                  "type" : "string",
                                  "pattern" : "^(false|true)$"
                                },
                                "logging" : {
                                  "title" : "Options pertaining to logging.",
                                  "description" : "Options pertaining to logging.",
                                  "type" : "object",
                                  "properties" : {
                                    "verbosity" : {
                                      "title" : "Extractor logging verbosity level.",
                                      "description" : "Controls the level of verbosity of the extractor. The supported levels are (in order of increasing verbosity):\n  - off\n  - errors\n  - warnings\n  - info or progress\n  - debug or progress+\n  - trace or progress++\n  - progress+++\n",
                                      "type" : "string",
                                      "pattern" : "^(off|errors|warnings|(info|progress)|(debug|progress\\+)|(trace|progress\\+\\+)|progress\\+\\+\\+)$"
                                    }
                                  }
                                },
                                "binlog" : {
                                  "title" : "Binlog",
                                  "description" : "[EXPERIMENTAL] The value is a path to the MsBuild binary log file that should be extracted. This option only works when `--build-mode none` is also specified.\n",
                                  "type" : "array"
                                }
                              }
                            }
                          ],
                          "html" : [
                            {
                              "extractor_root" : "/home/neurosx/DEVSPACE/codeql/html"
                            }
                          ],
                          "swift" : [
                            {
                              "extractor_root" : "/home/neurosx/DEVSPACE/codeql/swift"
                            }
                          ],
                          "ruby" : [
                            {
                              "extractor_root" : "/home/neurosx/DEVSPACE/codeql/ruby",
                              "extractor_options" : {
                                "trap" : {
                                  "title" : "Options pertaining to TRAP.",
                                  "description" : "Options pertaining to TRAP.",
                                  "type" : "object",
                                  "properties" : {
                                    "compression" : {
                                      "title" : "Controls compression for the TRAP files written by the extractor.",
                                      "description" : "This option is only intended for use in debugging the extractor. Accepted values are 'gzip' (the default, to write gzip-compressed TRAP) 'zstd' (to write Zstandard-compressed TRAP) and 'none' (to write uncompressed TRAP).\n",
                                      "type" : "string",
                                      "pattern" : "^(none|gzip|zstd)$"
                                    }
                                  }
                                }
                              }
                            }
                          ],
                          "yaml" : [
                            {
                              "extractor_root" : "/home/neurosx/DEVSPACE/codeql/yaml"
                            }
                          ],
                          "java" : [
                            {
                              "extractor_root" : "/home/neurosx/DEVSPACE/codeql/java",
                              "extractor_options" : {
                                "exclude" : {
                                  "title" : "A glob excluding files from analysis.",
                                  "description" : "A glob indicating what files to exclude from the analysis. This accepts glob patterns that are supported by Java's 'getPathMatcher' implementation.\n",
                                  "type" : "string"
                                },
                                "add_prefer_source" : {
                                  "title" : "Whether to always prefer source files over class files.",
                                  "description" : "A value indicating whether source files should be preferred over class files. If set to 'true', the extraction adds '-Xprefer:source' to the javac command line. If set to 'false', the extraction uses the default javac behavior ('-Xprefer:newer'). The default is 'true'.\n",
                                  "type" : "string",
                                  "pattern" : "^(false|true)$"
                                },
                                "buildless" : {
                                  "title" : "Whether to use buildless (standalone) extraction (experimental).",
                                  "description" : "A value indicating, which type of extraction the autobuilder should perform. If 'true', then the standalone extractor will be used, otherwise tracing extraction will be performed. The default is 'false'. Note that buildless extraction will generally yield less accurate analysis results, and should only be used in cases where it is not possible to build the code (for example if it uses inaccessible dependencies).\n",
                                  "type" : "string",
                                  "pattern" : "^(false|true)$"
                                },
                                "buildless_dependency_dir" : {
                                  "title" : "The path where buildless (standalone) extraction should keep dependencies.",
                                  "description" : "If set, the buildless (standalone) extractor will store dependencies in this directory.\n",
                                  "type" : "string"
                                },
                                "minimize_dependency_jars" : {
                                  "title" : "Whether to rewrite and minimize downloaded JAR dependencies (experimental).",
                                  "description" : "If 'true', JAR dependencies downloaded during extraction will be rewritten to remove unneeded data, such as method bodies. The default is 'false'.\n",
                                  "type" : "string",
                                  "pattern" : "^(false|true)$"
                                }
                              }
                            }
                          ],
                          "csv" : [
                            {
                              "extractor_root" : "/home/neurosx/DEVSPACE/codeql/csv"
                            }
                          ],
                          "cpp" : [
                            {
                              "extractor_root" : "/home/neurosx/DEVSPACE/codeql/cpp",
                              "extractor_options" : {
                                "scale_timeouts" : {
                                  "title" : "Value to scale compiler introspection timeouts with",
                                  "description" : "The extractor attempts to determine what compiler the source code being extracted is compiled with. To this end the extractor makes additional calls to the compiler, some of which are expected to return within a certain fixed time (either 10s or 15s). On some systems that are under high load this time might be too short, and can be scaled up using this option.\n",
                                  "type" : "string",
                                  "pattern" : "[0-9]+"
                                },
                                "log_verbosity" : {
                                  "title" : "Verbosity of the extractor logging",
                                  "description" : "Set the verbosity of the extractor logging to 'quiet' (0), 'normal' (1), 'chatty' (2), or 'noisy' (3). The default is 'normal'.\n",
                                  "type" : "string",
                                  "pattern" : "[0-3]"
                                }
                              }
                            }
                          ],
                          "python" : [
                            {
                              "extractor_root" : "/home/neurosx/DEVSPACE/codeql/python",
                              "extractor_options" : {
                                "logging" : {
                                  "title" : "Options pertaining to logging.",
                                  "description" : "Options pertaining to logging.",
                                  "type" : "object",
                                  "properties" : {
                                    "verbosity" : {
                                      "title" : "Python extractor logging verbosity level.",
                                      "description" : "Controls the level of verbosity of the CodeQL Python extractor.\nThe supported levels are (in order of increasing verbosity):\n\n  - off\n  - errors\n  - warnings\n  - info or progress\n  - debug or progress+\n  - trace or progress++\n  - progress+++\n",
                                      "type" : "string",
                                      "pattern" : "^(off|errors|warnings|(info|progress)|(debug|progress\\+)|(trace|progress\\+\\+)|progress\\+\\+\\+)$"
                                    }
                                  }
                                },
                                "python_executable_name" : {
                                  "title" : "Controls the name of the Python executable used by the Python extractor.",
                                  "description" : "The Python extractor uses platform-dependent heuristics to determine the name of the Python executable to use. Specifying a value for this option overrides the name of the Python executable used by the extractor. Accepted values are py, python and python3. Use this setting with caution, the Python extractor requires Python 3 to run.\n",
                                  "type" : "string",
                                  "pattern" : "^(py|python|python3)$"
                                }
                              }
                            }
                          ],
                          "properties" : [
                            {
                              "extractor_root" : "/home/neurosx/DEVSPACE/codeql/properties"
                            }
                          ],
                          "actions" : [
                            {
                              "extractor_root" : "/home/neurosx/DEVSPACE/codeql/actions",
                              "extractor_options" : { }
                            }
                          ],
                          "go" : [
                            {
                              "extractor_root" : "/home/neurosx/DEVSPACE/codeql/go",
                              "extractor_options" : {
                                "extract_tests" : {
                                  "title" : "Whether to include Go test files in the CodeQL database.",
                                  "description" : "A value indicating whether Go test files should be included in the CodeQL database. The default is 'false'.\n",
                                  "type" : "string",
                                  "pattern" : "^(false|true)$"
                                },
                                "extract_vendor_dirs" : {
                                  "title" : "Whether to include Go vendor directories in the CodeQL database.",
                                  "description" : "A value indicating whether Go vendor directories should be included in the CodeQL database. The default is 'false'.\n",
                                  "type" : "string",
                                  "pattern" : "^(false|true)$"
                                }
                              }
                            }
                          ],
                          "javascript" : [
                            {
                              "extractor_root" : "/home/neurosx/DEVSPACE/codeql/javascript",
                              "extractor_options" : {
                                "skip_types" : {
                                  "title" : "Skip type extraction for TypeScript",
                                  "description" : "Whether to skip the extraction of types in a TypeScript application",
                                  "type" : "string",
                                  "pattern" : "^(false|true)$"
                                }
                              }
                            }
                          ],
                          "xml" : [
                            {
                              "extractor_root" : "/home/neurosx/DEVSPACE/codeql/xml"
                            }
                          ]
                        }
                      }
[2025-10-02 17:37:57] [PROGRESS] database init> Calculating baseline information in /home/neurosx/DEVSPACE/fennel-deploy/fennel-service-api
[2025-10-02 17:37:57] [SPAMMY] database init> Ignoring the following directories when processing baseline information: .git, .hg, .svn.
[2025-10-02 17:37:57] [DETAILS] database init> Running command in /home/neurosx/DEVSPACE/fennel-deploy/fennel-service-api: /home/neurosx/DEVSPACE/codeql/tools/linux64/scc --by-file --exclude-dir .git,.hg,.svn --format json --no-large --no-min .
[2025-10-02 17:37:57] Using configure-baseline script /home/neurosx/DEVSPACE/codeql/actions/tools/configure-baseline.sh.
[2025-10-02 17:37:57] [PROGRESS] database init> Running command in /home/neurosx/DEVSPACE/fennel-deploy/fennel-service-api: [/home/neurosx/DEVSPACE/codeql/actions/tools/configure-baseline.sh]
[2025-10-02 17:37:57] [SPAMMY] database init> Ignored an additional 9 files when processing baseline information for YAML due to paths and paths-ignore configuration.
[2025-10-02 17:37:57] [SPAMMY] database init> Found 111 baseline files for python.
[2025-10-02 17:37:57] [SPAMMY] database init> Found 4 baseline files for actions.
[2025-10-02 17:37:57] [PROGRESS] database init> Calculated baseline information for languages: actions, python (80ms).
[2025-10-02 17:38:00] [PROGRESS] database init> Resolving extractor python.
[2025-10-02 17:38:00] [DETAILS] database init> Found candidate extractor root for python: /home/neurosx/DEVSPACE/codeql/python.
[2025-10-02 17:38:00] [PROGRESS] database init> Successfully loaded extractor Python (python) from /home/neurosx/DEVSPACE/codeql/python.
[2025-10-02 17:38:00] [PROGRESS] database init> Created skeleton CodeQL database at /home/neurosx/DEVSPACE/fennel-deploy/fennel-service-api/codeql-db. This in-progress database is ready to be populated by an extractor.
[2025-10-02 17:38:00] Plumbing command codeql database init completed.
[2025-10-02 17:38:00] [PROGRESS] database create> Running build command: []
[2025-10-02 17:38:00] Running plumbing command: codeql database trace-command --working-dir=/home/neurosx/DEVSPACE/fennel-deploy/fennel-service-api --index-traceless-dbs --no-db-cluster -- /home/neurosx/DEVSPACE/fennel-deploy/fennel-service-api/codeql-db
[2025-10-02 17:38:00] Using autobuild script /home/neurosx/DEVSPACE/codeql/python/tools/autobuild.sh.
[2025-10-02 17:38:00] [PROGRESS] database trace-command> Running command in /home/neurosx/DEVSPACE/fennel-deploy/fennel-service-api: [/home/neurosx/DEVSPACE/codeql/python/tools/autobuild.sh]
[2025-10-02 17:38:00] [build-stderr] /bin/sh: 1: python2: not found
[2025-10-02 17:38:00] [build-stdout] Source root appears to be the real root.
[2025-10-02 17:38:00] [build-stdout] Will try to guess Python version, as it was not specified in `lgtm.yml`
[2025-10-02 17:38:00] [build-stdout] Trying to guess Python version based on Trove classifiers in setup.py
[2025-10-02 17:38:00] [build-stdout] Did not find setup.py (expected it to be at /home/neurosx/DEVSPACE/fennel-deploy/fennel-service-api/setup.py)
[2025-10-02 17:38:00] [build-stdout] Trying to guess Python version based on travis file
[2025-10-02 17:38:00] [build-stdout] Did not find any travis files (expected them at either ['/home/neurosx/DEVSPACE/fennel-deploy/fennel-service-api/.travis.yml', '/home/neurosx/DEVSPACE/fennel-deploy/fennel-service-api/travis.yml'])
[2025-10-02 17:38:00] [build-stdout] Trying to guess Python version based on installed versions
[2025-10-02 17:38:00] [build-stdout] Wanted to run Python 2, but it is not available. Using Python 3 instead
[2025-10-02 17:38:00] [build-stdout] This script is running Python 3, but Python 2 is also available (as 'python3')
[2025-10-02 17:38:00] [build-stdout] Could not guess Python version, will use default: Python 3
[2025-10-02 17:38:00] [build-stdout] Calling python3 -S /home/neurosx/DEVSPACE/codeql/python/tools/python_tracer.py --verbosity 3 -z all -c /home/neurosx/DEVSPACE/fennel-deploy/fennel-service-api/codeql-db/working/trap_cache -R /home/neurosx/DEVSPACE/fennel-deploy/fennel-service-api
[2025-10-02 17:38:01] [build-stdout] INFO: The Python extractor has recently stopped extracting the standard library by default. If you encounter problems, please let us know by submitting an issue to https://github.com/github/codeql. It is possible to re-enable extraction of the standard library by setting the environment variable CODEQL_EXTRACTOR_PYTHON_EXTRACT_STDLIB.
[2025-10-02 17:38:01] [build-stdout] [INFO] Extraction will use the Python 3 standard library.
[2025-10-02 17:38:01] [build-stdout] [INFO] sys_path is: ['/home/neurosx/DEVSPACE/codeql/python/tools', '/usr/lib/python312.zip', '/usr/lib/python3.12', '/usr/lib/python3.12/lib-dynload']
[2025-10-02 17:38:01] [build-stdout] [INFO] Python version 3.12.3
[2025-10-02 17:38:01] [build-stdout] [INFO] Python extractor version 7.1.4
[2025-10-02 17:38:01] [build-stdout] [INFO] [4] Extracted folder /home/neurosx/DEVSPACE/fennel-deploy/fennel-service-api/fennel in 2ms
[2025-10-02 17:38:01] [build-stdout] [INFO] [7] Extracted file /home/neurosx/DEVSPACE/fennel-deploy/fennel-service-api/manage.py in 25ms
[2025-10-02 17:38:01] [build-stdout] [INFO] [3] Extracted file /home/neurosx/DEVSPACE/fennel-deploy/fennel-service-api/fennel/__init__.py in 11ms
[2025-10-02 17:38:01] [build-stdout] [INFO] [1] Extracted file /home/neurosx/DEVSPACE/fennel-deploy/fennel-service-api/fennel/urls.py in 28ms
[2025-10-02 17:38:01] [build-stdout] [INFO] [4] Extracted file /home/neurosx/DEVSPACE/fennel-deploy/fennel-service-api/dashboard/tests/__init__.py in 14ms
[2025-10-02 17:38:01] [build-stdout] [INFO] [6] Extracted file /home/neurosx/DEVSPACE/fennel-deploy/fennel-service-api/fennel/asgi.py in 20ms
[2025-10-02 17:38:01] [build-stdout] [INFO] [2] Extracted file /home/neurosx/DEVSPACE/fennel-deploy/fennel-service-api/fennel/wsgi.py in 23ms
[2025-10-02 17:38:01] [build-stdout] [INFO] [6] Extracted folder /home/neurosx/DEVSPACE/fennel-deploy/fennel-service-api/dashboard/tests in 4ms
[2025-10-02 17:38:01] [build-stdout] [INFO] [6] Extracted file /home/neurosx/DEVSPACE/fennel-deploy/fennel-service-api/dashboard/__init__.py in 4ms
[2025-10-02 17:38:01] [build-stdout] [INFO] [1] Extracted file /home/neurosx/DEVSPACE/fennel-deploy/fennel-service-api/dashboard/tests/test_auth_views.py in 110ms
[2025-10-02 17:38:01] [build-stdout] [INFO] [1] Extracted file /home/neurosx/DEVSPACE/fennel-deploy/fennel-service-api/main/migrations/0016_alter_userkeys_address.py in 15ms
[2025-10-02 17:38:01] [build-stdout] [INFO] [3] Extracted file /home/neurosx/DEVSPACE/fennel-deploy/fennel-service-api/dashboard/tests/test_wallet_views.py in 140ms
[2025-10-02 17:38:01] [build-stdout] [INFO] [1] Extracted file /home/neurosx/DEVSPACE/fennel-deploy/fennel-service-api/main/management/commands/__init__.py in 8ms
[2025-10-02 17:38:01] [build-stdout] [INFO] [3] Extracted file /home/neurosx/DEVSPACE/fennel-deploy/fennel-service-api/main/migrations/0033_signal_viewers.py in 16ms
[2025-10-02 17:38:01] [build-stdout] [INFO] [1] Extracted file /home/neurosx/DEVSPACE/fennel-deploy/fennel-service-api/main/tests/test_api.py in 28ms
[2025-10-02 17:38:01] [build-stdout] [INFO] [6] Extracted file /home/neurosx/DEVSPACE/fennel-deploy/fennel-service-api/main/serializers.py in 138ms
[2025-10-02 17:38:01] [build-stdout] [INFO] [1] Extracted file /home/neurosx/DEVSPACE/fennel-deploy/fennel-service-api/main/admin.py in 15ms
[2025-10-02 17:38:01] [build-stdout] [INFO] [3] Extracted file /home/neurosx/DEVSPACE/fennel-deploy/fennel-service-api/main/migrations/0021_privatemessage.py in 35ms
[2025-10-02 17:38:01] [build-stdout] [INFO] [7] Extracted file /home/neurosx/DEVSPACE/fennel-deploy/fennel-service-api/dashboard/tests/test_views.py in 202ms
[2025-10-02 17:38:01] [build-stdout] [INFO] [3] Extracted file /home/neurosx/DEVSPACE/fennel-deploy/fennel-service-api/main/management/__init__.py in 6ms
[2025-10-02 17:38:01] [build-stdout] [INFO] [2] Extracted file /home/neurosx/DEVSPACE/fennel-deploy/fennel-service-api/dashboard/tests/test_token_views.py in 198ms
[2025-10-02 17:38:01] [build-stdout] [INFO] [6] Extracted file /home/neurosx/DEVSPACE/fennel-deploy/fennel-service-api/main/migrations/0030_apigroupjoinrequest.py in 25ms
[2025-10-02 17:38:01] [build-stdout] [INFO] [1] Extracted file /home/neurosx/DEVSPACE/fennel-deploy/fennel-service-api/main/migrations/0015_alter_userkeys_user.py in 32ms
[2025-10-02 17:38:01] [build-stdout] [INFO] [4] Extracted file /home/neurosx/DEVSPACE/fennel-deploy/fennel-service-api/dashboard/tests/test_admin_views.py in 224ms
[2025-10-02 17:38:01] [build-stdout] [INFO] [1] Extracted file /home/neurosx/DEVSPACE/fennel-deploy/fennel-service-api/main/migrations/0027_alter_userkeys_balance.py in 11ms
[2025-10-02 17:38:01] [build-stdout] [INFO] [1] Extracted folder /home/neurosx/DEVSPACE/fennel-deploy/fennel-service-api/dashboard/templatetags in 1ms
[2025-10-02 17:38:01] [build-stdout] [INFO] [5] Extracted file /home/neurosx/DEVSPACE/fennel-deploy/fennel-service-api/fennel/settings.py in 245ms
[2025-10-02 17:38:01] [build-stdout] [INFO] [1] Extracted file /home/neurosx/DEVSPACE/fennel-deploy/fennel-service-api/dashboard/user_balance_middleware.py in 37ms
[2025-10-02 17:38:01] [build-stdout] [INFO] [8] Extracted file /home/neurosx/DEVSPACE/fennel-deploy/fennel-service-api/dashboard/tests/test_token_sending.py in 224ms
[2025-10-02 17:38:01] [build-stdout] [INFO] [8] Extracted file /home/neurosx/DEVSPACE/fennel-deploy/fennel-service-api/main/migrations/0017_alter_signal_signal_text_alter_signal_tx_hash_and_more.py in 61ms
[2025-10-02 17:38:01] [build-stdout] [INFO] [8] Extracted file /home/neurosx/DEVSPACE/fennel-deploy/fennel-service-api/main/__init__.py in 3ms
[2025-10-02 17:38:01] [build-stdout] [INFO] [1] Extracted file /home/neurosx/DEVSPACE/fennel-deploy/fennel-service-api/main/tests/test_reference_messages.py in 54ms
[2025-10-02 17:38:01] [build-stdout] [INFO] [5] Extracted file /home/neurosx/DEVSPACE/fennel-deploy/fennel-service-api/main/signal_processors.py in 107ms
[2025-10-02 17:38:01] [build-stdout] [INFO] [6] Extracted file /home/neurosx/DEVSPACE/fennel-deploy/fennel-service-api/main/secret_key_utils.py in 152ms
[2025-10-02 17:38:01] [build-stdout] [INFO] [2] Extracted file /home/neurosx/DEVSPACE/fennel-deploy/fennel-service-api/main/onetrust_views.py in 170ms
[2025-10-02 17:38:01] [build-stdout] [INFO] [7] Extracted file /home/neurosx/DEVSPACE/fennel-deploy/fennel-service-api/main/tests/test_whiteflag.py in 180ms
[2025-10-02 17:38:01] [build-stdout] [INFO] [5] Extracted file /home/neurosx/DEVSPACE/fennel-deploy/fennel-service-api/main/migrations/0003_initial.py in 20ms
[2025-10-02 17:38:01] [build-stdout] [INFO] [5] Extracted folder /home/neurosx/DEVSPACE/fennel-deploy/fennel-service-api/main/management/commands in 1ms
[2025-10-02 17:38:01] [build-stdout] [INFO] [6] Extracted file /home/neurosx/DEVSPACE/fennel-deploy/fennel-service-api/main/migrations/0031_apigroup_private_diffie_hellman_key_and_more.py in 26ms
[2025-10-02 17:38:01] [build-stdout] [INFO] [2] Extracted file /home/neurosx/DEVSPACE/fennel-deploy/fennel-service-api/main/migrations/0004_signal_sender_signal_synced.py in 22ms
[2025-10-02 17:38:01] [build-stdout] [INFO] [2] Extracted file /home/neurosx/DEVSPACE/fennel-deploy/fennel-service-api/main/migrations/0035_signal_signal_body.py in 11ms
[2025-10-02 17:38:01] [build-stdout] [INFO] [6] Extracted file /home/neurosx/DEVSPACE/fennel-deploy/fennel-service-api/main/migrations/0018_apigroup.py in 25ms
[2025-10-02 17:38:01] [build-stdout] [INFO] [6] Extracted file /home/neurosx/DEVSPACE/fennel-deploy/fennel-service-api/dashboard/models.py in 10ms
[2025-10-02 17:38:01] [build-stdout] [INFO] [4] Extracted file /home/neurosx/DEVSPACE/fennel-deploy/fennel-service-api/main/models.py in 199ms
[2025-10-02 17:38:01] [build-stdout] [INFO] [4] Extracted file /home/neurosx/DEVSPACE/fennel-deploy/fennel-service-api/main/migrations/0007_userkeys_balance.py in 9ms
[2025-10-02 17:38:01] [build-stdout] [INFO] [6] Extracted file /home/neurosx/DEVSPACE/fennel-deploy/fennel-service-api/main/migrations/0036_signal_active.py in 17ms
[2025-10-02 17:38:01] [build-stdout] [INFO] [6] Extracted folder /home/neurosx/DEVSPACE/fennel-deploy/fennel-service-api/main/tests in 1ms
[2025-10-02 17:38:01] [build-stdout] [INFO] [3] Extracted file /home/neurosx/DEVSPACE/fennel-deploy/fennel-service-api/main/whiteflag_helpers.py in 294ms
[2025-10-02 17:38:02] [build-stdout] [INFO] [2] Extracted file /home/neurosx/DEVSPACE/fennel-deploy/fennel-service-api/dashboard/auth_views.py in 106ms
[2025-10-02 17:38:02] [build-stdout] [INFO] [2] Extracted file /home/neurosx/DEVSPACE/fennel-deploy/fennel-service-api/dashboard/migrations/__init__.py in 7ms
[2025-10-02 17:38:02] [build-stdout] [INFO] [8] Extracted file /home/neurosx/DEVSPACE/fennel-deploy/fennel-service-api/main/auth_views.py in 229ms
[2025-10-02 17:38:02] [build-stdout] [INFO] [2] Extracted file /home/neurosx/DEVSPACE/fennel-deploy/fennel-service-api/dashboard/api_group_middleware.py in 17ms
[2025-10-02 17:38:02] [build-stdout] [INFO] [2] Skipped built-in file /usr/lib/python3.12/decimal.py
[2025-10-02 17:38:02] [build-stdout] [INFO] [5] Extracted file /home/neurosx/DEVSPACE/fennel-deploy/fennel-service-api/main/urls.py in 176ms
[2025-10-02 17:38:02] [build-stdout] [INFO] [2] Extracted file /home/neurosx/DEVSPACE/fennel-deploy/fennel-service-api/main/migrations/0026_alter_transaction_fee.py in 20ms
[2025-10-02 17:38:02] [build-stdout] [INFO] [1] Extracted file /home/neurosx/DEVSPACE/fennel-deploy/fennel-service-api/dashboard/views.py in 244ms
[2025-10-02 17:38:02] [build-stdout] [INFO] [3] Extracted file /home/neurosx/DEVSPACE/fennel-deploy/fennel-service-api/main/message_views.py in 96ms
[2025-10-02 17:38:02] [build-stdout] [INFO] [1] Extracted file /home/neurosx/DEVSPACE/fennel-deploy/fennel-service-api/main/migrations/0013_signal_tx_hash.py in 26ms
[2025-10-02 17:38:02] [build-stdout] [INFO] [4] Extracted file /home/neurosx/DEVSPACE/fennel-deploy/fennel-service-api/main/whiteflag_views.py in 164ms
[2025-10-02 17:38:02] [build-stdout] [INFO] [7] Extracted file /home/neurosx/DEVSPACE/fennel-deploy/fennel-service-api/dashboard/blockchain_helpers.py in 237ms
[2025-10-02 17:38:02] [build-stdout] [INFO] [2] Extracted file /home/neurosx/DEVSPACE/fennel-deploy/fennel-service-api/main/views.py in 71ms
[2025-10-02 17:38:02] [build-stdout] [INFO] [2] Extracted file /home/neurosx/DEVSPACE/fennel-deploy/fennel-service-api/main/tests/__init__.py in 2ms
[2025-10-02 17:38:02] [build-stdout] [INFO] [4] Extracted file /home/neurosx/DEVSPACE/fennel-deploy/fennel-service-api/main/migrations/0032_apigroupjoinrequest_rejected.py in 35ms
[2025-10-02 17:38:02] [build-stdout] [INFO] [4] Skipped built-in file /usr/lib/python3.12/json/__init__.py
[2025-10-02 17:38:02] [build-stdout] [INFO] [7] Extracted file /home/neurosx/DEVSPACE/fennel-deploy/fennel-service-api/main/migrations/0020_apigroup_api_key_apigroup_api_secret_and_more.py in 35ms
[2025-10-02 17:38:02] [build-stdout] [INFO] [2] Extracted file /home/neurosx/DEVSPACE/fennel-deploy/fennel-service-api/main/migrations/0008_signal_mempool_timestamp.py in 13ms
[2025-10-02 17:38:02] [build-stdout] [INFO] [8] Extracted file /home/neurosx/DEVSPACE/fennel-deploy/fennel-service-api/main/decorators.py in 113ms
[2025-10-02 17:38:02] [build-stdout] [INFO] [6] Extracted file /home/neurosx/DEVSPACE/fennel-deploy/fennel-service-api/dashboard/forms.py in 219ms
[2025-10-02 17:38:02] [build-stdout] [INFO] [8] Extracted folder /home/neurosx/DEVSPACE/fennel-deploy/fennel-service-api/dashboard/migrations in 11ms
[2025-10-02 17:38:02] [build-stdout] [INFO] [4] Extracted file /home/neurosx/DEVSPACE/fennel-deploy/fennel-service-api/main/migrations/0025_alter_apigroup_email.py in 11ms
[2025-10-02 17:38:02] [build-stdout] [INFO] [7] Extracted file /home/neurosx/DEVSPACE/fennel-deploy/fennel-service-api/main/migrations/0005_userkeys.py in 42ms
[2025-10-02 17:38:02] [build-stdout] [INFO] [7] Extracted folder /home/neurosx/DEVSPACE/fennel-deploy/fennel-service-api/dashboard in 12ms
[2025-10-02 17:38:02] [build-stdout] [INFO] [7] Extracted folder /home/neurosx/DEVSPACE/fennel-deploy/fennel-service-api/main/management in 1ms
[2025-10-02 17:38:02] [build-stdout] [INFO] [7] Extracted file /home/neurosx/DEVSPACE/fennel-deploy/fennel-service-api/main/migrations/0014_userkeys_private_diffie_hellman_key_and_more.py in 52ms
[2025-10-02 17:38:02] [build-stdout] [INFO] [7] Extracted file /home/neurosx/DEVSPACE/fennel-deploy/fennel-service-api/main/migrations/0012_alter_confirmationrecord_unique_together.py in 42ms
[2025-10-02 17:38:02] [build-stdout] [INFO] [3] Extracted file /home/neurosx/DEVSPACE/fennel-deploy/fennel-service-api/main/tests/test_whiteflag_helpers.py in 243ms
[2025-10-02 17:38:02] [build-stdout] [INFO] [1] Extracted file /home/neurosx/DEVSPACE/fennel-deploy/fennel-service-api/main/tests/test_auth.py in 251ms
[2025-10-02 17:38:02] [build-stdout] [INFO] [3] Extracted file /home/neurosx/DEVSPACE/fennel-deploy/fennel-service-api/main/migrations/0010_signal_confirmed_timestamp_confirmationrecord.py in 37ms
[2025-10-02 17:38:02] [build-stdout] [INFO] [3] Skipped built-in file /usr/lib/python3.12/uuid.py
[2025-10-02 17:38:02] [build-stdout] [INFO] [3] Skipped built-in file /usr/lib/python3.12/ast.py
[2025-10-02 17:38:02] [build-stdout] [INFO] [7] Extracted file /home/neurosx/DEVSPACE/fennel-deploy/fennel-service-api/main/migrations/0022_trustrequest_trustconnection.py in 92ms
[2025-10-02 17:38:02] [build-stdout] [INFO] [1] Extracted file /home/neurosx/DEVSPACE/fennel-deploy/fennel-service-api/dashboard/templatetags/group_tags.py in 75ms
[2025-10-02 17:38:02] [build-stdout] [INFO] [7] Extracted file /home/neurosx/DEVSPACE/fennel-deploy/fennel-service-api/main/migrations/0019_userkeys_key_shard.py in 30ms
[2025-10-02 17:38:02] [build-stdout] [INFO] [3] Extracted file /home/neurosx/DEVSPACE/fennel-deploy/fennel-service-api/main/management/commands/createadmin.py in 85ms
[2025-10-02 17:38:02] [build-stdout] [INFO] [3] Skipped built-in file /usr/lib/python3.12/datetime.py
[2025-10-02 17:38:02] [build-stdout] [INFO] [6] Extracted file /home/neurosx/DEVSPACE/fennel-deploy/fennel-service-api/dashboard/admin_views.py in 294ms
[2025-10-02 17:38:02] [build-stdout] [INFO] [3] Extracted file /home/neurosx/DEVSPACE/fennel-deploy/fennel-service-api/main/migrations/0028_signal_references.py in 15ms
[2025-10-02 17:38:02] [build-stdout] [INFO] [6] Extracted file /home/neurosx/DEVSPACE/fennel-deploy/fennel-service-api/main/migrations/__init__.py in 14ms
[2025-10-02 17:38:02] [build-stdout] [INFO] [6] Extracted module sys in 1ms
[2025-10-02 17:38:02] [build-stdout] [INFO] [6] Extracted folder /usr/lib/python3.12/json in 0ms
[2025-10-02 17:38:02] [build-stdout] [INFO] [3] Extracted file /home/neurosx/DEVSPACE/fennel-deploy/fennel-service-api/dashboard/apps.py in 15ms
[2025-10-02 17:38:02] [build-stdout] [INFO] [3] Extracted file /home/neurosx/DEVSPACE/fennel-deploy/fennel-service-api/main/migrations/0034_alter_signal_references.py in 16ms
[2025-10-02 17:38:02] [build-stdout] [INFO] [4] Extracted file /home/neurosx/DEVSPACE/fennel-deploy/fennel-service-api/main/crypto_views.py in 377ms
[2025-10-02 17:38:02] [build-stdout] [INFO] [3] Extracted file /home/neurosx/DEVSPACE/fennel-deploy/fennel-service-api/main/tests/test_decode_list_recursion.py in 56ms
[2025-10-02 17:38:02] [build-stdout] [INFO] [3] Extracted folder /home/neurosx/DEVSPACE/fennel-deploy/fennel-service-api/main/migrations in 1ms
[2025-10-02 17:38:02] [build-stdout] [INFO] [4] Extracted file /home/neurosx/DEVSPACE/fennel-deploy/fennel-service-api/main/migrations/0002_delete_user.py in 13ms
[2025-10-02 17:38:02] [build-stdout] [INFO] [3] Extracted file /home/neurosx/DEVSPACE/fennel-deploy/fennel-service-api/main/migrations/0006_userkeys_address.py in 22ms
[2025-10-02 17:38:02] [build-stdout] [INFO] [3] Skipped built-in file /usr/lib/python3.12/pathlib.py
[2025-10-02 17:38:02] [build-stdout] [INFO] [4] Extracted file /home/neurosx/DEVSPACE/fennel-deploy/fennel-service-api/main/migrations/0024_apigroup_email.py in 20ms
[2025-10-02 17:38:02] [build-stdout] [INFO] [4] Extracted file /home/neurosx/DEVSPACE/fennel-deploy/fennel-service-api/main/migrations/0023_userkeys_blockchain_public_key.py in 29ms
[2025-10-02 17:38:02] [build-stdout] [INFO] [4] Skipped built-in file /usr/lib/python3.12/hashlib.py
[2025-10-02 17:38:02] [build-stdout] [INFO] [4] Extracted file /home/neurosx/DEVSPACE/fennel-deploy/fennel-service-api/main/migrations/0009_transaction.py in 32ms
[2025-10-02 17:38:02] [build-stdout] [INFO] [8] Extracted file /home/neurosx/DEVSPACE/fennel-deploy/fennel-service-api/main/tests/test_production_issues.py in 483ms
[2025-10-02 17:38:02] [build-stdout] [INFO] [8] Extracted file /home/neurosx/DEVSPACE/fennel-deploy/fennel-service-api/dashboard/templatetags/__init__.py in 9ms
[2025-10-02 17:38:02] [build-stdout] [INFO] [6] Extracted file /home/neurosx/DEVSPACE/fennel-deploy/fennel-service-api/main/tests/test_encode_and_send_views.py in 205ms
[2025-10-02 17:38:02] [build-stdout] [INFO] [8] Extracted file /home/neurosx/DEVSPACE/fennel-deploy/fennel-service-api/main/migrations/0029_alter_signal_references.py in 17ms
[2025-10-02 17:38:02] [build-stdout] [INFO] [8] Extracted folder /home/neurosx/DEVSPACE/fennel-deploy/fennel-service-api/main in 1ms
[2025-10-02 17:38:02] [build-stdout] [INFO] [7] Extracted file /home/neurosx/DEVSPACE/fennel-deploy/fennel-service-api/main/tests/test_apigroup_views.py in 235ms
[2025-10-02 17:38:02] [build-stdout] [INFO] [3] Extracted file /home/neurosx/DEVSPACE/fennel-deploy/fennel-service-api/main/tests/test_subservice.py in 104ms
[2025-10-02 17:38:02] [build-stdout] [INFO] [7] Extracted file /home/neurosx/DEVSPACE/fennel-deploy/fennel-service-api/dashboard/admin.py in 10ms
[2025-10-02 17:38:02] [build-stdout] [INFO] [7] Extracted file /home/neurosx/DEVSPACE/fennel-deploy/fennel-service-api/main/apps.py in 12ms
[2025-10-02 17:38:02] [build-stdout] [INFO] [3] Extracted file /home/neurosx/DEVSPACE/fennel-deploy/fennel-service-api/main/migrations/0001_initial.py in 31ms
[2025-10-02 17:38:02] [build-stdout] [INFO] [8] Extracted file /home/neurosx/DEVSPACE/fennel-deploy/fennel-service-api/dashboard/templatetags/member_tags.py in 51ms
[2025-10-02 17:38:02] [build-stdout] [INFO] [1] Extracted file /home/neurosx/DEVSPACE/fennel-deploy/fennel-service-api/main/tests/test_onetrust.py in 364ms
[2025-10-02 17:38:02] [build-stdout] [INFO] [1] Skipped built-in file /usr/lib/python3.12/random.py
[2025-10-02 17:38:02] [build-stdout] [INFO] [4] Extracted file /home/neurosx/DEVSPACE/fennel-deploy/fennel-service-api/main/tests/test_secret_key_utils.py in 167ms
[2025-10-02 17:38:02] [build-stdout] [INFO] [3] Extracted file /home/neurosx/DEVSPACE/fennel-deploy/fennel-service-api/main/forms.py in 149ms
[2025-10-02 17:38:03] [build-stdout] [INFO] [5] Extracted file /home/neurosx/DEVSPACE/fennel-deploy/fennel-service-api/main/compound_views.py in 990ms
[2025-10-02 17:38:03] [build-stdout] [INFO] [4] Extracted file /home/neurosx/DEVSPACE/fennel-deploy/fennel-service-api/main/tests/test_crypto.py in 238ms
[2025-10-02 17:38:03] [build-stdout] [INFO] [4] Skipped built-in file /usr/lib/python3.12/os.py
[2025-10-02 17:38:03] [build-stdout] [INFO] [5] Extracted file /home/neurosx/DEVSPACE/fennel-deploy/fennel-service-api/main/migrations/0037_signal_message_code_signal_subject_code_and_more.py in 18ms
[2025-10-02 17:38:03] [build-stdout] [INFO] [5] Extracted file /home/neurosx/DEVSPACE/fennel-deploy/fennel-service-api/main/migrations/0011_remove_signal_confirmed_timestamp.py in 12ms
[2025-10-02 17:38:03] [build-stdout] [INFO] [3] Extracted file /home/neurosx/DEVSPACE/fennel-deploy/fennel-service-api/main/tests/test_api_group_join_views.py in 241ms
[2025-10-02 17:38:03] [build-stdout] [INFO] [5] Extracted file /home/neurosx/DEVSPACE/fennel-deploy/fennel-service-api/dashboard/decorators.py in 25ms
[2025-10-02 17:38:03] [build-stdout] [INFO] [4] Extracted file /home/neurosx/DEVSPACE/fennel-deploy/fennel-service-api/main/apigroup_views.py in 70ms
[2025-10-02 17:38:03] [build-stdout] [INFO] [4] Skipped built-in file /usr/lib/python3.12/typing.py
[2025-10-02 17:38:03] [build-stdout] [INFO] [5] Extracted file /home/neurosx/DEVSPACE/fennel-deploy/fennel-service-api/dashboard/urls.py in 54ms
[2025-10-02 17:38:03] [build-stdout] [INFO] [1] Extracted file /home/neurosx/DEVSPACE/fennel-deploy/fennel-service-api/main/api_admin_views.py in 374ms
[2025-10-02 17:38:03] [build-stdout] [INFO] [4] Skipped built-in file /usr/lib/python3.12/secrets.py
[2025-10-02 17:38:03] [build-stdout] [INFO] [2] Extracted file /home/neurosx/DEVSPACE/fennel-deploy/fennel-service-api/main/tests/test_fennel.py in 1058ms
[2025-10-02 17:38:03] [build-stdout] [INFO] [7] Extracted file /home/neurosx/DEVSPACE/fennel-deploy/fennel-service-api/main/tests/test_compound_views.py in 584ms
[2025-10-02 17:38:03] [build-stdout] [INFO] [3] Extracted file /home/neurosx/DEVSPACE/fennel-deploy/fennel-service-api/main/trust_views.py in 214ms
[2025-10-02 17:38:03] [build-stdout] [INFO] [8] Extracted file /home/neurosx/DEVSPACE/fennel-deploy/fennel-service-api/main/fennel_views.py in 627ms
[2025-10-02 17:38:03] [build-stdout] [INFO] [6] Extracted file /home/neurosx/DEVSPACE/fennel-deploy/fennel-service-api/main/tests/test_api_admin_views.py in 769ms
[2025-10-02 17:38:03] [build-stdout] [INFO] Processed 134 modules in 2.12s
[2025-10-02 17:38:03] Plumbing command codeql database trace-command completed.
[2025-10-02 17:38:03] [PROGRESS] database create> Finalizing database at /home/neurosx/DEVSPACE/fennel-deploy/fennel-service-api/codeql-db.
[2025-10-02 17:38:03] Running plumbing command: codeql database finalize --no-db-cluster -- /home/neurosx/DEVSPACE/fennel-deploy/fennel-service-api/codeql-db
[2025-10-02 17:38:03] Using pre-finalize script /home/neurosx/DEVSPACE/codeql/python/tools/pre-finalize.sh.
[2025-10-02 17:38:03] [PROGRESS] database finalize> Running pre-finalize script /home/neurosx/DEVSPACE/codeql/python/tools/pre-finalize.sh in /home/neurosx/DEVSPACE/fennel-deploy/fennel-service-api.
[2025-10-02 17:38:03] Running plumbing command: codeql database trace-command --working-dir=/home/neurosx/DEVSPACE/fennel-deploy/fennel-service-api --no-tracing -- /home/neurosx/DEVSPACE/fennel-deploy/fennel-service-api/codeql-db /home/neurosx/DEVSPACE/codeql/python/tools/pre-finalize.sh
[2025-10-02 17:38:03] [PROGRESS] database trace-command> Running command in /home/neurosx/DEVSPACE/fennel-deploy/fennel-service-api: [/home/neurosx/DEVSPACE/codeql/python/tools/pre-finalize.sh]
[2025-10-02 17:38:04] [build-stderr] Scanning for files in /home/neurosx/DEVSPACE/fennel-deploy/fennel-service-api...
[2025-10-02 17:38:04] [build-stderr] /home/neurosx/DEVSPACE/fennel-deploy/fennel-service-api/codeql-db: Indexing files in in /home/neurosx/DEVSPACE/fennel-deploy/fennel-service-api...
[2025-10-02 17:38:04] [build-stderr] Running command in /home/neurosx/DEVSPACE/fennel-deploy/fennel-service-api: [/home/neurosx/DEVSPACE/codeql/yaml/tools/index-files.sh, /home/neurosx/DEVSPACE/fennel-deploy/fennel-service-api/codeql-db/working/files-to-index15688583469881317411.list]
[2025-10-02 17:38:05] Plumbing command codeql database trace-command completed.
[2025-10-02 17:38:05] [PROGRESS] database finalize> Pre-finalize script /home/neurosx/DEVSPACE/codeql/python/tools/pre-finalize.sh completed in 2000 ms.
[2025-10-02 17:38:05] [PROGRESS] database finalize> Running TRAP import for CodeQL database at /home/neurosx/DEVSPACE/fennel-deploy/fennel-service-api/codeql-db...
[2025-10-02 17:38:05] Running plumbing command: codeql dataset import --dbscheme=/home/neurosx/DEVSPACE/codeql/python/semmlecode.python.dbscheme -- /home/neurosx/DEVSPACE/fennel-deploy/fennel-service-api/codeql-db/db-python /home/neurosx/DEVSPACE/fennel-deploy/fennel-service-api/codeql-db/trap/python
[2025-10-02 17:38:05] Clearing disk cache since the version file /home/neurosx/DEVSPACE/fennel-deploy/fennel-service-api/codeql-db/db-python/default/cache/version does not exist
[2025-10-02 17:38:05] Tuple pool not found. Clearing relations with cached strings
[2025-10-02 17:38:05] Trimming disk cache at /home/neurosx/DEVSPACE/fennel-deploy/fennel-service-api/codeql-db/db-python/default/cache in mode clear.
[2025-10-02 17:38:05] Sequence stamp origin is -5997144071243584211
[2025-10-02 17:38:05] Pausing evaluation to hard-clear memory at sequence stamp o+0
[2025-10-02 17:38:05] Unpausing evaluation
[2025-10-02 17:38:05] Pausing evaluation to quickly trim disk at sequence stamp o+1
[2025-10-02 17:38:05] Unpausing evaluation
[2025-10-02 17:38:05] Pausing evaluation to zealously trim disk at sequence stamp o+2
[2025-10-02 17:38:05] Unpausing evaluation
[2025-10-02 17:38:05] Trimming completed (13ms): Purged everything.
[2025-10-02 17:38:05] Scanning for files in /home/neurosx/DEVSPACE/fennel-deploy/fennel-service-api/codeql-db/trap/python
[2025-10-02 17:38:05] Found 149 TRAP files (3.54 MiB)
[2025-10-02 17:38:05] [PROGRESS] dataset import> Importing TRAP files
[2025-10-02 17:38:06] Importing $files.4_sVbheO8qVG-WxyWjI7-vr7K9Q=.trap.gz (1 of 149)
[2025-10-02 17:38:06] Importing $files.DZcUp1ClgXiI8vrEL05JuUUnvbQ=.trap.gz (2 of 149)
[2025-10-02 17:38:06] Importing $files.Fgmaz9sl9JI4tt0ayUjS0OHxThs=.trap.gz (3 of 149)
[2025-10-02 17:38:06] Importing $files.TW_CGhbISW9OtCwID-Jx5Qk1fzM=.trap.gz (4 of 149)
[2025-10-02 17:38:06] Importing $files.fR3nUyXOb84pDbpw6zrZjmDA-x8=.trap.gz (5 of 149)
[2025-10-02 17:38:06] Importing $files.mBWjanG3IZ-v8JdRE2o2M3OeLGE=.trap.gz (6 of 149)
[2025-10-02 17:38:06] Importing $files.mbbsv842_Y95guiDFV9J0SSLl0Y=.trap.gz (7 of 149)
[2025-10-02 17:38:06] Importing $files.oyi5JpLZOvfvPuMLmzIA4VQ0ZPE=.trap.gz (8 of 149)
[2025-10-02 17:38:06] Importing $flags.u8JfUM99AGhoyOcEMY-Liv91nSU=.trap.gz (9 of 149)
[2025-10-02 17:38:06] Importing $interpreter3.Dn8ylXy78p_j-ftS2LsbKr9FooE=.trap.gz (10 of 149)
[2025-10-02 17:38:06] Importing $stdlib_33.RQjmcj5z4MqtGef6j-g8gdjrTp4=.trap (11 of 149)
[2025-10-02 17:38:06] Importing 0001_initial.py.UxcXdi-ASQBBL6nhRUCMEjqvEzk=.trap.gz (12 of 149)
[2025-10-02 17:38:06] Importing 0002_delete_user.py.xYGvzZTxCfVFiRyWoLE2SiuxgW0=.trap.gz (13 of 149)
[2025-10-02 17:38:06] Importing 0003_initial.py.RaeApTqNAsaZvYckIveBUsKzYVM=.trap.gz (14 of 149)
[2025-10-02 17:38:06] Importing 0004_signal_sender_signal_synced.py.KD1aLH8_8RUvze5KSdgZCxV_jwM=.trap.gz (15 of 149)
[2025-10-02 17:38:06] Importing 0005_userkeys.py.FBAWz33EuWGpZDPenP4h_4OwIpo=.trap.gz (16 of 149)
[2025-10-02 17:38:06] Importing 0006_userkeys_address.py.9O5KAmj8S8wBZZTJavrOOhBJQB8=.trap.gz (17 of 149)
[2025-10-02 17:38:06] Importing 0007_userkeys_balance.py.BDIskEfF2F2aSQIqaXooPWoArIg=.trap.gz (18 of 149)
[2025-10-02 17:38:06] Importing 0008_signal_mempool_timestamp.py.3y_XQ5kaq24TH1oSho5XuTevLWE=.trap.gz (19 of 149)
[2025-10-02 17:38:06] Importing 0009_transaction.py.KlxFZVZTVBL9Dv2iyRZTh3E_YsQ=.trap.gz (20 of 149)
[2025-10-02 17:38:06] Importing 0010_signal_confirmed_timestamp_confirmationrecord.py.CcJaFZ2mtPACQQQ_nkgxdgRILBE=.trap.gz (21 of 149)
[2025-10-02 17:38:06] Importing 0011_remove_signal_confirmed_timestamp.py.04RZjQEgXFGFE29XsJLHBRJvGDs=.trap.gz (22 of 149)
[2025-10-02 17:38:06] Importing 0012_alter_confirmationrecord_unique_together.py.btEbepfU9pHZROb_cO1o7EtldUw=.trap.gz (23 of 149)
[2025-10-02 17:38:06] Importing 0013_signal_tx_hash.py.L_XcUyLHIP7XlD3fskRdgIWEBJo=.trap.gz (24 of 149)
[2025-10-02 17:38:06] Importing 0014_userkeys_private_diffie_hellman_key_and_more.py.604ucCSeftDnD7bTZoZaNKDOo7g=.trap.gz (25 of 149)
[2025-10-02 17:38:06] Importing 0015_alter_userkeys_user.py.CGbUB1XYuI5-MtXhhQ9WRBSQQYU=.trap.gz (26 of 149)
[2025-10-02 17:38:06] Importing 0016_alter_userkeys_address.py.MTRyGIyYSXRGg2akzaApLadHaGc=.trap.gz (27 of 149)
[2025-10-02 17:38:06] Importing 0017_alter_signal_signal_text_alter_signal_tx_hash_and_more.py.gUqM93hYf8CulIJdSDDPlx8hibM=.trap.gz (28 of 149)
[2025-10-02 17:38:06] Importing 0018_apigroup.py.pO8j3KsnCetUCrZfJ1HZYsUOpBo=.trap.gz (29 of 149)
[2025-10-02 17:38:06] Importing 0019_userkeys_key_shard.py.2NQCNvqjNMwDZ9nskKP7EAYPRVk=.trap.gz (30 of 149)
[2025-10-02 17:38:06] Importing 0020_apigroup_api_key_apigroup_api_secret_and_more.py.Xm9TP_eD-C-gDaciT6SDa5GGvm8=.trap.gz (31 of 149)
[2025-10-02 17:38:06] Importing 0021_privatemessage.py.5E90GhGDWUgHELjML10sO83PLeM=.trap.gz (32 of 149)
[2025-10-02 17:38:06] Importing 0022_trustrequest_trustconnection.py.USVu76ePEE_lOTdKgVieQ8an1OE=.trap.gz (33 of 149)
[2025-10-02 17:38:06] Importing 0023_userkeys_blockchain_public_key.py.hZm96JHtjzotECKvDyuHtQP2H64=.trap.gz (34 of 149)
[2025-10-02 17:38:06] Importing 0024_apigroup_email.py._WTNETjV-Y6PqK4-uAtWcE19VXA=.trap.gz (35 of 149)
[2025-10-02 17:38:06] Importing 0025_alter_apigroup_email.py.JkqklEztjoozdjeWsr1FCRK1_n8=.trap.gz (36 of 149)
[2025-10-02 17:38:06] Importing 0026_alter_transaction_fee.py.5RKyK8LCLmWR-CQf9fYQrVjyU7g=.trap.gz (37 of 149)
[2025-10-02 17:38:06] Importing 0027_alter_userkeys_balance.py.9ey2wY4L6_lt1C_lihPIHZKwmso=.trap.gz (38 of 149)
[2025-10-02 17:38:06] Importing 0028_signal_references.py.zClkKJfw4j52m0gvJhdiCrC4Jcc=.trap.gz (39 of 149)
[2025-10-02 17:38:06] Importing 0029_alter_signal_references.py.DssjCjC7KEi1Bj8ucK2-l9ZK3Mk=.trap.gz (40 of 149)
[2025-10-02 17:38:06] Importing 0030_apigroupjoinrequest.py.8FzvxYHfZ_Wf-Sif3jOEbeqxwtc=.trap.gz (41 of 149)
[2025-10-02 17:38:06] Importing 0031_apigroup_private_diffie_hellman_key_and_more.py.hRgIUqL1lS8iI2V4GRm4xTc87H0=.trap.gz (42 of 149)
[2025-10-02 17:38:06] Importing 0032_apigroupjoinrequest_rejected.py.emj9YOSHfNYzsDVx1sSGo980gkI=.trap.gz (43 of 149)
[2025-10-02 17:38:06] Importing 0033_signal_viewers.py.jEAwdioIAplzp_6YJooJ20_o1es=.trap.gz (44 of 149)
[2025-10-02 17:38:06] Importing 0034_alter_signal_references.py.Uo3who58uLFse-wzk4hQoAzfmfE=.trap.gz (45 of 149)
[2025-10-02 17:38:06] Importing 0035_signal_signal_body.py.8IIBZ_1gNbU9lFotocag_cZAR_M=.trap.gz (46 of 149)
[2025-10-02 17:38:06] Importing 0036_signal_active.py.DQBec-66fFKzPG7yENuxLos1H3g=.trap.gz (47 of 149)
[2025-10-02 17:38:06] Importing 0037_signal_message_code_signal_subject_code_and_more.py.wvdocdjb_I3x1aLmS2ymKN5X2no=.trap.gz (48 of 149)
[2025-10-02 17:38:06] Importing __init__.py.-0pcgDIijrFafZZtREvhicTBq_s=.trap.gz (49 of 149)
[2025-10-02 17:38:06] Importing __init__.py.24dZVFAyImu78p4MQ-2sJfAsS1A=.trap.gz (50 of 149)
[2025-10-02 17:38:06] Importing __init__.py.LmJJcgsUS75wUOYIvrUVDiH8scs=.trap.gz (51 of 149)
[2025-10-02 17:38:06] Importing __init__.py.SDJo1Q-F9UpFl27DvL-urpdx42I=.trap.gz (52 of 149)
[2025-10-02 17:38:06] Importing __init__.py.Tuk8GrzilVTfdimSqko936lhCOE=.trap.gz (53 of 149)
[2025-10-02 17:38:06] Importing __init__.py.W-C_3LV-ASTmi0G5X2DUt7yA1DU=.trap.gz (54 of 149)
[2025-10-02 17:38:06] Importing __init__.py.jiGiuS1O3xXS-oXBiQOHl42lAn4=.trap.gz (55 of 149)
[2025-10-02 17:38:06] Importing __init__.py.mNNFN17DagnOvn5mIUar3mgtVSs=.trap.gz (56 of 149)
[2025-10-02 17:38:06] Importing __init__.py.wrINrlPzMsX3UUIgZAxkSy6y0r4=.trap.gz (57 of 149)
[2025-10-02 17:38:06] Importing __init__.py.zh_Ytu-dpNNjkwFiyV734Q4hO04=.trap.gz (58 of 149)
[2025-10-02 17:38:06] Importing admin.py.USNeLRRzVD9t4OpqbzeForpxk94=.trap.gz (59 of 149)
[2025-10-02 17:38:06] Importing admin.py.XAxjITOI1frw4j0eohec4Fq2tw8=.trap.gz (60 of 149)
[2025-10-02 17:38:06] Importing admin_views.py.ZxNFtMF2PX-fm170RWMvhHQW82g=.trap.gz (61 of 149)
[2025-10-02 17:38:06] Importing api_admin_views.py.fdvZRfEchFrLfRtSVTdDygQWRas=.trap.gz (62 of 149)
[2025-10-02 17:38:06] Importing api_group_middleware.py.dOG_p64rwHgIAjRWnMpJFtU8-tI=.trap.gz (63 of 149)
[2025-10-02 17:38:06] Importing apigroup_views.py.P851tjNWeIqJl7UtQtc577VZMxc=.trap.gz (64 of 149)
[2025-10-02 17:38:06] Importing apps.py.PjSlejMcr-wv1MDXBjCcU9l2KeM=.trap.gz (65 of 149)
[2025-10-02 17:38:06] Importing apps.py.hFRTxoRJMs5ivo0B2pSozgSOdTI=.trap.gz (66 of 149)
[2025-10-02 17:38:06] Importing asgi.py.zTn-RIF-MJVmu781ktFYF2JxRHQ=.trap.gz (67 of 149)
[2025-10-02 17:38:06] Importing auth_views.py.-ZFh1t9S00YuPNepuaiQuWgGcOY=.trap.gz (68 of 149)
[2025-10-02 17:38:06] Importing auth_views.py.mj-JtCkSnKBrRFLDA-lff5s7hSk=.trap.gz (69 of 149)
[2025-10-02 17:38:06] Importing blockchain_helpers.py.d_3rc5ovZT-k1desyJpfQYr6EcE=.trap.gz (70 of 149)
[2025-10-02 17:38:06] Importing commands.Ydjm4P5JuLR4MP31KlkejBJl7AU=.trap.gz (71 of 149)
[2025-10-02 17:38:06] Importing compound_views.py.uYwzW49GIivKIgSroQeuIAQMuCs=.trap.gz (72 of 149)
[2025-10-02 17:38:06] Importing createadmin.py.VqPWxsU63vOL0pzHT6MA4NHcN5w=.trap.gz (73 of 149)
[2025-10-02 17:38:06] Importing crypto_views.py.b1CjTVqswAqeJ3BLAvc7iEh09OY=.trap.gz (74 of 149)
[2025-10-02 17:38:06] Importing dashboard.niPpFC2Ssz_Ar_82cjBeGj-mXhc=.trap.gz (75 of 149)
[2025-10-02 17:38:06] Importing decorators.py.NBdPz0MK5YDeKqLS_0s2qBEbzn4=.trap.gz (76 of 149)
[2025-10-02 17:38:06] Importing decorators.py.o66XvAEU95gAt7WPH1BCCC2eGbc=.trap.gz (77 of 149)
[2025-10-02 17:38:06] Importing fennel.ZkbJkAOO1FDD9bqdbsqgBFipQO0=.trap.gz (78 of 149)
[2025-10-02 17:38:06] Importing fennel_views.py.AwKz3YMb2SgpeSDRrHayDxu3ydw=.trap.gz (79 of 149)
[2025-10-02 17:38:06] Importing forms.py.2_iLWrwvbH0tZcbLjwM3obrX78I=.trap.gz (80 of 149)
[2025-10-02 17:38:06] Importing forms.py.QRisEW8B4z3YmD2daaGQIBfeqw0=.trap.gz (81 of 149)
[2025-10-02 17:38:06] Importing group_tags.py.LE82v9sCYWhQCI23zyx4cBoN1fo=.trap.gz (82 of 149)
[2025-10-02 17:38:06] Importing main.yml.trap.gz (83 of 149)
[2025-10-02 17:38:06] Importing publish.yml.trap.gz (84 of 149)
[2025-10-02 17:38:06] Importing terraform-cleanup.yml.trap.gz (85 of 149)
[2025-10-02 17:38:06] Importing workflow.yml.trap.gz (86 of 149)
[2025-10-02 17:38:06] Importing codeql-database.yml.trap.gz (87 of 149)
[2025-10-02 17:38:06] Importing docker-compose.yml.trap.gz (88 of 149)
[2025-10-02 17:38:06] Importing api-deployment-simple.yaml.trap.gz (89 of 149)
[2025-10-02 17:38:06] Importing api-deployment.yaml.trap.gz (90 of 149)
[2025-10-02 17:38:06] Importing api-with-zones.yaml.trap.gz (91 of 149)
[2025-10-02 17:38:06] Importing configmap.yaml.trap.gz (92 of 149)
[2025-10-02 17:38:06] Importing ingress.yaml.trap.gz (93 of 149)
[2025-10-02 17:38:06] Importing namespace.yaml.trap.gz (94 of 149)
[2025-10-02 17:38:06] Importing postgres-with-zones.yaml.trap.gz (95 of 149)
[2025-10-02 17:38:06] Importing postgres.yaml.trap.gz (96 of 149)
[2025-10-02 17:38:06] Importing json._eyrnD0F41RSKn4udjv-sH5gSNE=.trap.gz (97 of 149)
[2025-10-02 17:38:06] Importing main.LHru8Hreu0fEoVGclRD_fnihW0U=.trap.gz (98 of 149)
[2025-10-02 17:38:06] Importing manage.py.2bCJNLDAAzMXVcbs7WkkAtruOzU=.trap.gz (99 of 149)
[2025-10-02 17:38:06] Importing management.JbDXyVyAyv367qQ75zVcz1E-eCQ=.trap.gz (100 of 149)
[2025-10-02 17:38:06] Importing member_tags.py.EVM3GcbfZvdasm8_e3XaHGugfgQ=.trap.gz (101 of 149)
[2025-10-02 17:38:06] Importing message_views.py.ByQQ5Zsxot5n8sja17lB6wARWps=.trap.gz (102 of 149)
[2025-10-02 17:38:06] Importing metadata.trap.gz (103 of 149)
[2025-10-02 17:38:06] Importing migrations.Vo8uJqCAfXl42XSuOtM5C1L-d0U=.trap.gz (104 of 149)
[2025-10-02 17:38:06] Importing migrations.YQ3SV7WtEaiQCAH5kEcJs9KNpVg=.trap.gz (105 of 149)
[2025-10-02 17:38:06] Importing models.py.dpRt8q0hbzLqJ4OCDpJkyYWwo_M=.trap.gz (106 of 149)
[2025-10-02 17:38:06] Importing models.py.kbYov2WCc0QI59P0YcJUf8nXbgw=.trap.gz (107 of 149)
[2025-10-02 17:38:06] Importing onetrust_views.py.FPdv59zTl3U1NCRAU-rO6pzasP8=.trap.gz (108 of 149)
[2025-10-02 17:38:06] Importing secret_key_utils.py.Dht3qOexO9ZJR_rMPXNL2yPK4q4=.trap.gz (109 of 149)
[2025-10-02 17:38:06] Importing serializers.py.fLqEqPmqQEUkvQPc-0WVg5TtaSM=.trap.gz (110 of 149)
[2025-10-02 17:38:06] Importing settings.py.zyAAqalCIN-RiD0Pi7zizchpIbY=.trap.gz (111 of 149)
[2025-10-02 17:38:06] Importing signal_processors.py.pRreUb8hikFb7MFyZZkdw8PtnEM=.trap.gz (112 of 149)
[2025-10-02 17:38:06] Importing sys.4SHVxNVWNo_-RLTLq45RErJhKQM=.trap.gz (113 of 149)
[2025-10-02 17:38:06] Importing templatetags.bPz8VDeOb3lMhEbn1jVUg-CR2pU=.trap.gz (114 of 149)
[2025-10-02 17:38:06] Importing test_admin_views.py.YWfjKFemLcJfnS1jkNQyQ2jCYok=.trap.gz (115 of 149)
[2025-10-02 17:38:06] Importing test_api.py.aqQzQp6OFMXG1VyqjU_TMGX09Nk=.trap.gz (116 of 149)
[2025-10-02 17:38:06] Importing test_api_admin_views.py.gk4vuDQ8_-zmJWuTVLaJq7m9FSg=.trap.gz (117 of 149)
[2025-10-02 17:38:06] Importing test_api_group_join_views.py.ZYVclDtdUibtL84I3YycS4kTvjA=.trap.gz (118 of 149)
[2025-10-02 17:38:06] Importing test_apigroup_views.py._UgjjPPe6ma0ciqm7OUNkPsO7yg=.trap.gz (119 of 149)
[2025-10-02 17:38:06] Importing test_auth.py.-xW5SXGN-jb_kVKIT7ZA1mIzrok=.trap.gz (120 of 149)
[2025-10-02 17:38:06] Importing test_auth_views.py.W-JLRXMAXVMCNNH2ePiO_F1HQUU=.trap.gz (121 of 149)
[2025-10-02 17:38:06] Importing test_compound_views.py.rnJLpjKq5dnO5BvFO9vILmKXN_I=.trap.gz (122 of 149)
[2025-10-02 17:38:06] Importing test_crypto.py.rAINJ2tz8zlZdmjbsvcZJiePJZ4=.trap.gz (123 of 149)
[2025-10-02 17:38:06] Importing test_decode_list_recursion.py.GsSeVs2GAsmfOmwlIUPxgAdcpFs=.trap.gz (124 of 149)
[2025-10-02 17:38:06] Importing test_encode_and_send_views.py.BEyU763r-urWu4bd4h8aNg2WT6k=.trap.gz (125 of 149)
[2025-10-02 17:38:06] Importing test_fennel.py.YQHXzrQVlFflgCJK1ODC0HzWt2E=.trap.gz (126 of 149)
[2025-10-02 17:38:06] Importing test_onetrust.py.jWapYry28lzc_3c1cg60painb1k=.trap.gz (127 of 149)
[2025-10-02 17:38:06] Importing test_production_issues.py.ZvyOL1K7d_Cj5UGRp9yJNTzVz7Y=.trap.gz (128 of 149)
[2025-10-02 17:38:06] Importing test_reference_messages.py.n_CsKBrensYuoyyOJmT5zoqRtPg=.trap.gz (129 of 149)
[2025-10-02 17:38:06] Importing test_secret_key_utils.py.vNvZt7MJHM0QP0M-O1tbKF2abfY=.trap.gz (130 of 149)
[2025-10-02 17:38:06] Importing test_subservice.py.IU7xYjJ5Uz_pI46656d2xn1Ojnw=.trap.gz (131 of 149)
[2025-10-02 17:38:06] Importing test_token_sending.py.W4tuVTcLbx7QHnSDnTqXQJXKc0A=.trap.gz (132 of 149)
[2025-10-02 17:38:06] Importing test_token_views.py.44VZUvs1nZMcTBt-K0chUqfwBcA=.trap.gz (133 of 149)
[2025-10-02 17:38:06] Importing test_views.py.QBIPsgWcBIiw8u6QZ8eg6ojNnUI=.trap.gz (134 of 149)
[2025-10-02 17:38:06] Importing test_wallet_views.py.81Kcxx5gw11pecBv17XmU0w2gCo=.trap.gz (135 of 149)
[2025-10-02 17:38:06] Importing test_whiteflag.py.ACTA_qAAEPNeCvCKMy9TLWaGjSM=.trap.gz (136 of 149)
[2025-10-02 17:38:06] Importing test_whiteflag_helpers.py.BWWMFa93PrcieSKEHsGCgSoCZno=.trap.gz (137 of 149)
[2025-10-02 17:38:06] Importing tests.NVU8FVWwNBZgkTdOPEix0yljjko=.trap.gz (138 of 149)
[2025-10-02 17:38:06] Importing tests.v4oN6UY_xfp2TJnzp-KMzgUM0Fk=.trap.gz (139 of 149)
[2025-10-02 17:38:06] Importing trust_views.py.AoKP3X7Dc2f_x2V3BVH9pS7EK14=.trap.gz (140 of 149)
[2025-10-02 17:38:06] Importing urls.py.8mbuBfTRVj8KyBU113YvbVQTw-Y=.trap.gz (141 of 149)
[2025-10-02 17:38:06] Importing urls.py.AWQhsOX8zZ0nrsay2TyqOGtrPfQ=.trap.gz (142 of 149)
[2025-10-02 17:38:06] Importing urls.py.ZvvdX_lkaRG2kYIRejJrs3vHOho=.trap.gz (143 of 149)
[2025-10-02 17:38:06] Importing user_balance_middleware.py.yFEnUJ-rfbgXRuGL-SnP7ipLSKo=.trap.gz (144 of 149)
[2025-10-02 17:38:06] Importing views.py.X9EhP_SftKKWLg19uknlTUsKaHg=.trap.gz (145 of 149)
[2025-10-02 17:38:06] Importing views.py.YGyffsivbiD3FCfxUfdrloVqyLU=.trap.gz (146 of 149)
[2025-10-02 17:38:06] Importing whiteflag_helpers.py.QibjHHUmI4OHePxb5085NcgJGoc=.trap.gz (147 of 149)
[2025-10-02 17:38:06] Importing whiteflag_views.py.vcWFJnHKcLUgD1t5XqfHNA-adzA=.trap.gz (148 of 149)
[2025-10-02 17:38:06] Importing wsgi.py.7Oh8Or1dsrD3o_8IFfr0lx811kg=.trap.gz (149 of 149)
[2025-10-02 17:38:06] [PROGRESS] dataset import> Merging relations
[2025-10-02 17:38:07] Merging 1 fragment for 'files'.
[2025-10-02 17:38:07] Merged 287 bytes for 'files'.
[2025-10-02 17:38:07] Merging 1 fragment for 'folders'.
[2025-10-02 17:38:07] Merged 81 bytes for 'folders'.
[2025-10-02 17:38:07] Merging 1 fragment for 'containerparent'.
[2025-10-02 17:38:07] Merged 252 bytes for 'containerparent'.
[2025-10-02 17:38:07] Merging 1 fragment for 'py_flags_versioned'.
[2025-10-02 17:38:07] Merged 184 bytes for 'py_flags_versioned'.
[2025-10-02 17:38:07] Merging 1 fragment for 'py_cobjects'.
[2025-10-02 17:38:07] Merged 7120 bytes (6.95 KiB) for 'py_cobjects'.
[2025-10-02 17:38:07] Merging 1 fragment for 'py_cobjecttypes'.
[2025-10-02 17:38:07] Merged 12196 bytes (11.91 KiB) for 'py_cobjecttypes'.
[2025-10-02 17:38:07] Merging 1 fragment for 'py_cobject_sources'.
[2025-10-02 17:38:07] Merged 9294 bytes (9.08 KiB) for 'py_cobject_sources'.
[2025-10-02 17:38:07] Merging 1 fragment for 'py_cobjectnames'.
[2025-10-02 17:38:07] Merged 11032 bytes (10.77 KiB) for 'py_cobjectnames'.
[2025-10-02 17:38:07] Merging 1 fragment for 'py_cmembers_versioned'.
[2025-10-02 17:38:07] Merged 6632 bytes (6.48 KiB) for 'py_cmembers_versioned'.
[2025-10-02 17:38:07] Merging 1 fragment for 'py_special_objects'.
[2025-10-02 17:38:07] Merged 136 bytes for 'py_special_objects'.
[2025-10-02 17:38:07] Merging 1 fragment for 'py_citems'.
[2025-10-02 17:38:07] Merged 502 bytes for 'py_citems'.
[2025-10-02 17:38:07] Merging 1 fragment for 'ext_rettype'.
[2025-10-02 17:38:07] Merged 4039 bytes (3.94 KiB) for 'ext_rettype'.
[2025-10-02 17:38:07] Merging 1 fragment for 'ext_argtype'.
[2025-10-02 17:38:07] Merged 6821 bytes (6.66 KiB) for 'ext_argtype'.
[2025-10-02 17:38:07] Merging 1 fragment for 'ext_argreturn'.
[2025-10-02 17:38:07] Merged 41 bytes for 'ext_argreturn'.
[2025-10-02 17:38:07] Merging 1 fragment for 'ext_proptype'.
[2025-10-02 17:38:07] Merged 345 bytes for 'ext_proptype'.
[2025-10-02 17:38:07] Merging 1 fragment for 'py_Modules'.
[2025-10-02 17:38:07] Merged 144 bytes for 'py_Modules'.
[2025-10-02 17:38:07] Merging 1 fragment for 'py_module_path'.
[2025-10-02 17:38:07] Merged 309 bytes for 'py_module_path'.
[2025-10-02 17:38:07] Merging 1 fragment for 'variable'.
[2025-10-02 17:38:07] Merged 15458 bytes (15.10 KiB) for 'variable'.
[2025-10-02 17:38:07] Merging 1 fragment for 'py_extracted_version'.
[2025-10-02 17:38:07] Merged 145 bytes for 'py_extracted_version'.
[2025-10-02 17:38:07] Merging 1 fragment for 'py_stmt_lists'.
[2025-10-02 17:38:07] Merged 4559 bytes (4.45 KiB) for 'py_stmt_lists'.
[2025-10-02 17:38:07] Merging 1 fragment for 'py_stmts'.
[2025-10-02 17:38:07] Merged 18640 bytes (18.20 KiB) for 'py_stmts'.
[2025-10-02 17:38:07] Merging 1 fragment for 'py_scopes'.
[2025-10-02 17:38:07] Merged 42754 bytes (41.75 KiB) for 'py_scopes'.
[2025-10-02 17:38:07] Merging 1 fragment for 'py_alias_lists'.
[2025-10-02 17:38:07] Merged 987 bytes for 'py_alias_lists'.
[2025-10-02 17:38:07] Merging 1 fragment for 'py_aliases'.
[2025-10-02 17:38:07] Merged 1864 bytes (1.82 KiB) for 'py_aliases'.
[2025-10-02 17:38:07] Merging 1 fragment for 'py_exprs'.
[2025-10-02 17:38:07] Merged 138678 bytes (135.43 KiB) for 'py_exprs'.
[2025-10-02 17:38:07] Merging 1 fragment for 'py_ints'.
[2025-10-02 17:38:07] Merged 699 bytes for 'py_ints'.
[2025-10-02 17:38:07] Merging 1 fragment for 'py_strs'.
[2025-10-02 17:38:07] Merged 41657 bytes (40.68 KiB) for 'py_strs'.
[2025-10-02 17:38:07] Merging 1 fragment for 'py_variables'.
[2025-10-02 17:38:07] Merged 23030 bytes (22.49 KiB) for 'py_variables'.
[2025-10-02 17:38:07] Merging 1 fragment for 'py_expr_contexts'.
[2025-10-02 17:38:07] Merged 44544 bytes (43.50 KiB) for 'py_expr_contexts'.
[2025-10-02 17:38:07] Merging 1 fragment for 'py_expr_lists'.
[2025-10-02 17:38:07] Merged 23352 bytes (22.80 KiB) for 'py_expr_lists'.
[2025-10-02 17:38:07] Merging 1 fragment for 'py_Classes'.
[2025-10-02 17:38:07] Merged 444 bytes for 'py_Classes'.
[2025-10-02 17:38:07] Merging 1 fragment for 'py_dict_item_lists'.
[2025-10-02 17:38:07] Merged 4776 bytes (4.66 KiB) for 'py_dict_item_lists'.
[2025-10-02 17:38:07] Merging 1 fragment for 'py_dict_items'.
[2025-10-02 17:38:07] Merged 13416 bytes (13.10 KiB) for 'py_dict_items'.
[2025-10-02 17:38:07] Merging 1 fragment for 'py_bools'.
[2025-10-02 17:38:07] Merged 439 bytes for 'py_bools'.
[2025-10-02 17:38:07] Merging 1 fragment for 'py_numbers'.
[2025-10-02 17:38:07] Merged 5562 bytes (5.43 KiB) for 'py_numbers'.
[2025-10-02 17:38:07] Merging 1 fragment for 'py_exports'.
[2025-10-02 17:38:07] Merged 551 bytes for 'py_exports'.
[2025-10-02 17:38:07] Merging 1 fragment for 'py_flow_bb_node'.
[2025-10-02 17:38:07] Merged 139446 bytes (136.18 KiB) for 'py_flow_bb_node'.
[2025-10-02 17:38:07] Merging 1 fragment for 'py_scope_flow'.
[2025-10-02 17:38:07] Merged 15079 bytes (14.73 KiB) for 'py_scope_flow'.
[2025-10-02 17:38:07] Merging 1 fragment for 'py_successors'.
[2025-10-02 17:38:07] Merged 85650 bytes (83.64 KiB) for 'py_successors'.
[2025-10-02 17:38:07] Merging 1 fragment for 'py_idoms'.
[2025-10-02 17:38:07] Merged 82125 bytes (80.20 KiB) for 'py_idoms'.
[2025-10-02 17:38:07] Merging 1 fragment for 'py_ssa_var'.
[2025-10-02 17:38:07] Merged 7806 bytes (7.62 KiB) for 'py_ssa_var'.
[2025-10-02 17:38:07] Merging 1 fragment for 'py_ssa_defn'.
[2025-10-02 17:38:07] Merged 6918 bytes (6.76 KiB) for 'py_ssa_defn'.
[2025-10-02 17:38:07] Merging 1 fragment for 'py_ssa_use'.
[2025-10-02 17:38:07] Merged 12952 bytes (12.65 KiB) for 'py_ssa_use'.
[2025-10-02 17:38:07] Merging 1 fragment for 'locations_ast'.
[2025-10-02 17:38:07] Merged 194737 bytes (190.17 KiB) for 'locations_ast'.
[2025-10-02 17:38:07] Merging 1 fragment for 'py_scope_location'.
[2025-10-02 17:38:07] Merged 2329 bytes (2.27 KiB) for 'py_scope_location'.
[2025-10-02 17:38:07] Merging 1 fragment for 'py_comments'.
[2025-10-02 17:38:07] Merged 684 bytes for 'py_comments'.
[2025-10-02 17:38:07] Merging 1 fragment for 'py_codelines'.
[2025-10-02 17:38:07] Merged 1677 bytes (1.64 KiB) for 'py_codelines'.
[2025-10-02 17:38:07] Merging 1 fragment for 'py_commentlines'.
[2025-10-02 17:38:07] Merged 1058 bytes (1.03 KiB) for 'py_commentlines'.
[2025-10-02 17:38:07] Merging 1 fragment for 'py_docstringlines'.
[2025-10-02 17:38:07] Merged 995 bytes for 'py_docstringlines'.
[2025-10-02 17:38:07] Merging 1 fragment for 'py_alllines'.
[2025-10-02 17:38:07] Merged 1685 bytes (1.65 KiB) for 'py_alllines'.
[2025-10-02 17:38:07] Merging 1 fragment for 'numlines'.
[2025-10-02 17:38:07] Merged 465 bytes for 'numlines'.
[2025-10-02 17:38:07] Merging 1 fragment for 'py_locations'.
[2025-10-02 17:38:07] Merged 82723 bytes (80.78 KiB) for 'py_locations'.
[2025-10-02 17:38:07] Merging 1 fragment for 'py_arguments'.
[2025-10-02 17:38:07] Merged 1372 bytes (1.34 KiB) for 'py_arguments'.
[2025-10-02 17:38:07] Merging 1 fragment for 'py_Functions'.
[2025-10-02 17:38:07] Merged 1445 bytes (1.41 KiB) for 'py_Functions'.
[2025-10-02 17:38:07] Merging 1 fragment for 'py_parameter_lists'.
[2025-10-02 17:38:07] Merged 1438 bytes (1.40 KiB) for 'py_parameter_lists'.
[2025-10-02 17:38:07] Merging 1 fragment for 'py_boolops'.
[2025-10-02 17:38:07] Merged 197 bytes for 'py_boolops'.
[2025-10-02 17:38:07] Merging 1 fragment for 'py_cmpop_lists'.
[2025-10-02 17:38:07] Merged 1981 bytes (1.93 KiB) for 'py_cmpop_lists'.
[2025-10-02 17:38:07] Merging 1 fragment for 'py_cmpops'.
[2025-10-02 17:38:07] Merged 2676 bytes (2.61 KiB) for 'py_cmpops'.
[2025-10-02 17:38:07] Merging 1 fragment for 'py_unaryops'.
[2025-10-02 17:38:07] Merged 536 bytes for 'py_unaryops'.
[2025-10-02 17:38:07] Merging 1 fragment for 'py_operators'.
[2025-10-02 17:38:07] Merged 268 bytes for 'py_operators'.
[2025-10-02 17:38:07] Merging 1 fragment for 'py_true_successors'.
[2025-10-02 17:38:07] Merged 2617 bytes (2.56 KiB) for 'py_true_successors'.
[2025-10-02 17:38:07] Merging 1 fragment for 'py_false_successors'.
[2025-10-02 17:38:07] Merged 2673 bytes (2.61 KiB) for 'py_false_successors'.
[2025-10-02 17:38:07] Merging 1 fragment for 'py_ssa_phi'.
[2025-10-02 17:38:07] Merged 422 bytes for 'py_ssa_phi'.
[2025-10-02 17:38:07] Merging 1 fragment for 'py_exception_successors'.
[2025-10-02 17:38:07] Merged 1188 bytes (1.16 KiB) for 'py_exception_successors'.
[2025-10-02 17:38:07] Merging 1 fragment for 'yaml_scalars'.
[2025-10-02 17:38:07] Merged 3560 bytes (3.48 KiB) for 'yaml_scalars'.
[2025-10-02 17:38:07] Merging 1 fragment for 'yaml'.
[2025-10-02 17:38:07] Merged 10273 bytes (10.03 KiB) for 'yaml'.
[2025-10-02 17:38:07] Merging 1 fragment for 'locations_default'.
[2025-10-02 17:38:07] Merged 9354 bytes (9.13 KiB) for 'locations_default'.
[2025-10-02 17:38:07] Merging 1 fragment for 'yaml_locations'.
[2025-10-02 17:38:07] Merged 3427 bytes (3.35 KiB) for 'yaml_locations'.
[2025-10-02 17:38:07] Merging 1 fragment for 'py_StringPart_lists'.
[2025-10-02 17:38:07] Merged 33 bytes for 'py_StringPart_lists'.
[2025-10-02 17:38:07] Merging 1 fragment for 'py_StringParts'.
[2025-10-02 17:38:07] Merged 49 bytes for 'py_StringParts'.
[2025-10-02 17:38:07] Merging 1 fragment for 'sourceLocationPrefix'.
[2025-10-02 17:38:07] Merged 17 bytes for 'sourceLocationPrefix'.
[2025-10-02 17:38:07] Saving string and id pools to disk.
[2025-10-02 17:38:07] Finished importing TRAP files.
[2025-10-02 17:38:07] Read 17.74 MiB of uncompressed TRAP data.
[2025-10-02 17:38:07] Uncompressed relation data size: 4.81 MiB
[2025-10-02 17:38:07] Relation data size: 1.07 MiB (merge rate: 5.53 MiB/s)
[2025-10-02 17:38:07] String pool size: 2.22 MiB
[2025-10-02 17:38:07] ID pool size: 1.19 MiB
[2025-10-02 17:38:07] [PROGRESS] dataset import> Finished writing database (relations: 1.07 MiB; string pool: 2.22 MiB).
[2025-10-02 17:38:07] Pausing evaluation to close the cache at sequence stamp o+145
[2025-10-02 17:38:07] The disk cache is freshly trimmed; leave it be.
[2025-10-02 17:38:07] Unpausing evaluation
[2025-10-02 17:38:07] Plumbing command codeql dataset import completed.
[2025-10-02 17:38:07] [PROGRESS] database finalize> TRAP import complete (1.8s).
[2025-10-02 17:38:07] Running plumbing command: codeql database cleanup -- /home/neurosx/DEVSPACE/fennel-deploy/fennel-service-api/codeql-db
[2025-10-02 17:38:07] [PROGRESS] database cleanup> Cleaning up existing TRAP files after import...
[2025-10-02 17:38:07] [PROGRESS] database cleanup> TRAP files cleaned up (14ms).
[2025-10-02 17:38:07] [PROGRESS] database cleanup> Cleaning up scratch directory...
[2025-10-02 17:38:07] [PROGRESS] database cleanup> Scratch directory cleaned up (16ms).
[2025-10-02 17:38:07] Running plumbing command: codeql dataset cleanup -- /home/neurosx/DEVSPACE/fennel-deploy/fennel-service-api/codeql-db/db-python
[2025-10-02 17:38:07] [PROGRESS] dataset cleanup> Cleaning up dataset in /home/neurosx/DEVSPACE/fennel-deploy/fennel-service-api/codeql-db/db-python.
[2025-10-02 17:38:07] Trimming disk cache at /home/neurosx/DEVSPACE/fennel-deploy/fennel-service-api/codeql-db/db-python/default/cache in mode trim.
[2025-10-02 17:38:07] Sequence stamp origin is -5997144063915530381
[2025-10-02 17:38:07] Pausing evaluation to quickly trim memory at sequence stamp o+0
[2025-10-02 17:38:07] Unpausing evaluation
[2025-10-02 17:38:07] Pausing evaluation to zealously trim disk at sequence stamp o+1
[2025-10-02 17:38:07] Unpausing evaluation
[2025-10-02 17:38:07] Trimming completed (3ms): Trimmed disposable data from cache.
[2025-10-02 17:38:07] Pausing evaluation to close the cache at sequence stamp o+2
[2025-10-02 17:38:07] The disk cache is freshly trimmed; leave it be.
[2025-10-02 17:38:07] Unpausing evaluation
[2025-10-02 17:38:07] [PROGRESS] dataset cleanup> Trimmed disposable data from cache.
[2025-10-02 17:38:07] [PROGRESS] dataset cleanup> Finalizing dataset in /home/neurosx/DEVSPACE/fennel-deploy/fennel-service-api/codeql-db/db-python
[2025-10-02 17:38:07] [DETAILS] dataset cleanup> Finished deleting ID pool from /home/neurosx/DEVSPACE/fennel-deploy/fennel-service-api/codeql-db/db-python (2ms).
[2025-10-02 17:38:07] Plumbing command codeql dataset cleanup completed.
[2025-10-02 17:38:07] Plumbing command codeql database cleanup completed with status 0.
[2025-10-02 17:38:07] [PROGRESS] database finalize> Finished zipping source archive (114.86 KiB).
[2025-10-02 17:38:07] Plumbing command codeql database finalize completed.
[2025-10-02 17:38:07] [PROGRESS] database create> Successfully created database at /home/neurosx/DEVSPACE/fennel-deploy/fennel-service-api/codeql-db.
[2025-10-02 17:38:07] Terminating normally.
